E:\SWP391\BE-Tuan\API\Controllers\ManagerController.cs(229,25): error CS1061: 'ReliefItem' does not contain a definition for 'Quantity' and no accessible extension method 'Quantity' accepting a first argument of type 'ReliefItem' could be found (are you missing a using directive or an assembly reference?) [E:\SWP391\BE-Tuan\Flood Rescue Coordination.csproj]

Build FAILED.

E:\SWP391\BE-Tuan\API\Controllers\ManagerController.cs(229,25): error CS1061: 'ReliefItem' does not contain a definition for 'Quantity' and no accessible extension method 'Quantity' accepting a first argument of type 'ReliefItem' could be found (are you missing a using directive or an assembly reference?) [E:\SWP391\BE-Tuan\Flood Rescue Coordination.csproj]
    0 Warning(s)
    1 Error(s)

Time Elapsed 00:00:00.95
