E:\SWP391\BE-Tuan\API\Controllers\StockHistoryController.cs(184,52): error CS1061: 'RescueTeam' does not contain a definition for 'Address' and no accessible extension method 'Address' accepting a first argument of type 'RescueTeam' could be found (are you missing a using directive or an assembly reference?) [E:\SWP391\BE-Tuan\Flood Rescue Coordination.csproj]
E:\SWP391\BE-Tuan\API\Controllers\StockHistoryController.cs(185,56): error CS1061: 'RescueTeam' does not contain a definition for 'Address' and no accessible extension method 'Address' accepting a first argument of type 'RescueTeam' could be found (are you missing a using directive or an assembly reference?) [E:\SWP391\BE-Tuan\Flood Rescue Coordination.csproj]

Build FAILED.
    0 Warning(s)
    2 Error(s)

Time Elapsed 00:00:01.35
